
       #pcr-se                          define 0001 
       #pcr-ie                          define 0002 
       namesize                         define 0007 
       nf-size                          define 0008 
       wid-step                         define 0001 
       prec-bit                         define 0040 
       smudge-bit                       define 0020 
       inline-bit                       define 0080 
       char-mask                        define 00ff 
       chars/dump                       define 0008 
       <does-default>                   define da40 
       <remote-does-default>            define ba00 
       reset-vector                     define 0000 
       int-vector                       define 0004 
       HASHTABLESIZE                    define 0100 
       HASHTABLE                        define 0006 
0210 H reboot                           code 
0212   branch                           code 
0216   ?branch                          code 
021c   return                           code 
0228 H execute                          code 
022c   does-default                     code 
0230   remote-does-default              code 
0230   (do)                             code 
0244   (loop)                           code 
024e   (+loop)                          code 
0262 H unloop                           code 
0274 H i                                code 
0284 H j                                code 
029a   (next)                           code 
02a4   unnext                           code 
02b2 H !                                code 
02c2 H +                                code 
02d0 H +!                               code 
02e6 H -                                code 
02f4 H -rot                             code 
0306 H 0<                               code 
0314 H 0=                               code 
0322 H 0>                               code 
0330 H 1+                               code 
033e H 1-                               code 
034c H 2*                               code 
035a H 2/                               code 
0368 H 2over                            code 
0384 H 2swap                            code 
03a0 H 2pick                            code 
03b2 H 3pick                            code 
03ca H <                                code 
03d8 H >                                code 
03e6 H u<                               code 
03f4 H u>                               code 
0402 H =                                code 
0410 H <>                               code 
041e H >r                               code 
042c H @                                code 
043a H aligned                          code 
044a H and                              code 
0458 H c!                               code 
0468 H c@                               code 
0476 H char+                            code 
0484 H chars                            code 
0490 H drop                             code 
049e H dup                              code 
04ac H invert                           code 
04ba H lshift                           code 
04ca H negate                           code 
04d8 H nip                              code 
04e6 H not                              code 
04f4 H or                               code 
0502 H over                             code 
0510 H r>                               code 
051e H r@                               code 
052c H rdrop                            code 
053a H rot                              code 
054c H rotate                           code 
055c H rshift                           code 
056c H swap                             code 
057a H touch                            code 
058a H w!                               code 
059a H w@                               code 
05a8 H within                           code 
05bc H xor                              code 
05ca H cell                             code 
05d8 H cell+                            code 
05e6 H cell-                            code 
05f4 H cells                            code 
0602 H cell/                            code 
0610 H d+                               code 
0626 H dnegate                          code 
063a H d<                               code 
0656 H cmove                            code 
068a H cmove>                           code 
06b0 H move                             code 
06c8 H m*                               code 
06ea H um*                              code 
0706 H um/mod                           code 
073c H enable                           code 
074c H disable                          code 
075c H md!                              code 
076a H md@                              code 
0778 H set-code                         code 
0786 H get-code                         code 
0794 H set-mem                          code 
07a2 H get-mem                          code 
07b0 H near                             code 
07be H far                              code 
       nop-boot                         define 07c2 
       NEXT-BOOT                        define 07c4 
       EVERY-BOOT                       define 07c6 
07d2 H true                             : 
07e0 H false                            : 
07ee H ?dup                             : 
0800 H 2dup                             : 
0810 H s>d                              : 
0814   +-                               : 
081c   d+-                              : 
082e H abs                              : 
083c H dabs                             : 
084a H *                                : 
0858 H 2drop                            : 
0868 H max                              : 
087a H min                              : 
088c H umax                             : 
089e H umin                             : 
08b0 H 2!                               : 
08c6 H 2@                               : 
08d6 H um*m                             : 
08f2 H m/mmod                           : 
0910 H sm/rem                           : 
0934 H fm/mod                           : 
096e H /mod                             : 
0980 H /                                : 
098e H mod                              : 
099c H */mod                            : 
09ae H */                               : 
       pstack                           define 0a32 
       rstack                           define 0ab2 
0ab2   spreset                          code 
0ab4   head                             constant 0ab2 variable 
0ab6   cproc                            constant 0ab4 variable 
0ab6   .next                            offset: 0000 
0ab6   .pstate                          offset: 0002 
0ab6   .psp                             offset: 0004 
0ab6   .rsp                             offset: 0006 
0ab6   .psp-bot                         offset: 0008 
0ab6   .udr                             offset: 000a 
0ab6   .dpr                             offset: 000c 
0ab6   pd-run                           constant 000e structure 
0ac0 H @head                            : 
0ad0 H !head                            : 
0ae2 H @run                             : 
0af2 H !run                             : 
0b04 H resched                          code 
0b82 H wait                             code 
0bb4 H signal                           code 
0c2a H pspreset                         code 
0c4e H depth                            code 
0c72   under?                           code 
0c80 H io-mem#                          constant 0003 
0c84   uart-a#                          constant 0000 
0c8e H int-a#                           constant 0004 
0c9c H parin-a#                         constant 0006 
0ca0   uart-rx-int#                     constant 0000 
0ca0   uart-tx-int#                     constant 0001 
0ca0   #ints                            constant 000b 
0ca0   FIFOSIZE                         constant 0100 
0cac H stack-errors                     constant 0ca0 variable 
0cbc H check-stack                      : 
0ccc   int-nop                          : 
       vector-table                     define 0cce 
       int-response                     define 0ce4 
0d1a H get-mask                         : 
0d2a H unmask-int                       : 
0d46 H mask-int                         : 
0d58   KILL                             constant 0003 
0d58   XOFF                             constant 0013 
0d58   XON                              constant 0011 
0d58   .charsin                         offset: 0000 
0d58   .charsout                        offset: 0002 
0d58   .inptr                           offset: 0004 
0d58   .outptr                          offset: 0006 
0d58   .buffer                          offset: 0008 
0d58   fifo                             constant 0108 structure 
0d58   QUIET                            constant 0000 
0d58   OUTPUT                           constant 0001 
0d58   THROTTLED                        constant 0002 
0d58   .state                           offset: 0000 
0d58   .outfifo                         offset: 0002 
0d58   .infifo                          offset: 010a 
0d58   .'uart!                          offset: 0212 
0d58   .'uart-first!                    offset: 0214 
0d58   .'uart@                          offset: 0216 
0d58   .'stop-transints                 offset: 0218 
0d58   ttystruct                        constant 021a structure 
0d58   @fifo                            : 
0d74   !fifo                            : 
0d9c H tty-putc                         : 
0de0 H tty-transint                     : 
0e3c H tty-getc                         : 
0e66 H tty-incount                      : 
0e76 H tty-rcvint                       : 
0f2e H tty-rcvrawint                    : 
0f72 H tty-size                         constant 021a 
0f82 H tty-init                         : 
120a   tty                              constant 0ff0 makestruct 
120a   uart!                            : 
1212   uart-first!                      : 
1224   uart@                            : 
122a   stop-transints                   : 
122c                                    int: 0001 
1232                                    int: 0000 
1238                                    every-boot: 
125e H emit                             : 
126e H key                              : 
127e H key?                             : 
1286   eol                              constant 000a 
1290 H cr                               : 
12a2 H type                             : 
12c4   ^h                               constant 0008 
12c4   ^u                               constant 0015 
12ce H accept                           : 
       CURREGION                        define 1338 
       IN                               define 133a 
       NTIB                             define 133c 
       TIBPTR                           define 133e 
1340   match?                           : 
1374   (find)                           : 
13ca   push-stream                      : 
13fc   pop-stream                       : 
141c   skip-non-white                   : 
142e   skip-white                       : 
1442   skipdel                          : 
1450   scan-non-white                   : 
1462   scan-white                       : 
1476   scandel                          : 
148e H parse                            : 
14d0   parse-word                       : 
1516   regionptr                        constant 1338 
1516   hashtablesize                    constant 0100 
1516   hashtable                        constant 0006 
1516   kib                              create(adjacent) 1518 
1598   sourceptr                        constant 133e 
1598   #source                          constant 133c 
15a2 H >in                              constant 133a 
15b2 H forth-wordlist                   constant 0000 
15b6   loc-wordlist                     constant 0001 
15b8   vocabtag                         constant 15b6 variable 
15ba   clue                             constant 15b8 variable 
15bc   last-colon                       constant 15ba variable 
15be   last                             constant 15bc variable 
15c0   to?                              constant 15be variable 
15cc H stdregion                        constant 15c0 variable 
15de H state                            constant 15d2 variable 
15f0 H #order                           constant 15e4 variable 
1600 H #vocs                            constant 0008 
1610 H current                          constant 1604 variable 
1620 H context                          create(adjacent) 1622 
1634   #locals                          constant 1632 variable 
163e H bl                               constant 0020 
1644   name>                            : 
1644   link>                            : 
1644   body>                            : 
1644   >name                            : 
1646   >link                            : 
1650 H >body                            : 
165e H fill                             : 
1688 H environment?                     : 
1694 H [                                : 
16a8 H ]                                : 
16b2   dp                               : 
16bc H allocatefrom                     : 
16d0 H here                             : 
16e2 H pad                              : 
16f2 H latest                           : 
1702 H align                            : 
1710   align-here                       : 
171e H allot                            : 
1730 H ,                                : 
1742 H c,                               : 
1754 H count                            : 
1764 H string,                          : 
1776   "s-buffer                        create(adjacent) 1778 
17d2 H "                                : 
17e6   (")                              : 
17f2   (.")                             : 
       <small-lit>                      define a208 
       <small+lit>                      define a200 
       <lo-lit>                         define b200 
       <lo-off>                         define b002 
       <small-off>                      define a006 
       <small+off>                      define a002 
17fe   *inline*                         : 
182c   *callop*                         : 
1838 H compile,                         : 
183c   *code*                           : 
1852   *literal*                        : 
1882   *offset*                         : 
18b4   *branch-dest*                    : 
191c   *branch-unpack*                  : 
1954   does-parent                      : 
195e   does-child                       : 
1962   <mark                            : 
1964   <resolve                         : 
196c   >mark                            : 
1970   >resolve                         : 
1974   >>mark                           : 
197a   >>resolve                        : 
1998 H if                               : 
19aa H else                             : 
19c0 H then                             : 
19cc H begin                            : 
19d8 H while                            : 
19ec H until                            : 
19fe H repeat                           : 
1a12 H again                            : 
1a24 H sel                              : 
1a30 H <<                               : 
1a40 H =>                               : 
1a58 H ==>                              : 
1a6a H >>                               : 
1a82 H otherwise                        : 
1a92 H endsel                           : 
1aa4 H do                               : 
1ac6 H loop                             : 
1aec H +loop                            : 
1b12 H leave                            : 
1b28   chuckbuf                         : 
1b36   reset-stream                     : 
1b50 H source                           : 
1b66 H word                             : 
1b9c H ,word                            : 
1bae H ""                               : 
1bc6 H ."                               : 
1bde H s"                               : 
1bfa H (                                : 
1c0e H .(                               : 
1c22 H \                                : 
1c2e H get-current                      : 
1c3e H set-current                      : 
1c50 H definitions                      : 
1c60 H get-order                        : 
1ca4 H set-order                        : 
1ce2 H wordlist                         : 
1cf2   hash                             : 
1d24 H find                             : 
1d80 H search-wordlist                  : 
1d98   (forget)                         : 
1ddc   notunique?                       : 
1df4 H header                           : 
1e36   setbits                          : 
1e44   clearbits                        : 
1e5e H immediate                        : 
1e70 H hide                             : 
1e82 H reveal                           : 
1e94 H inline                           : 
1ea6 H constant                         : 
1ebc H variable                         : 
1ece H 2variable                        : 
1ee4 H create                           : 
1ef8 H region                           : 
1f04   free-locals                      : 
1f04   end-scope                        : 
1f0e H does>                            : 
1f26 H :noname                          : 
1f3c H :                                : 
1f4e H recurse                          : 
1f60 H exit                             : 
1f72 H ;                                : 
1f8a H base                             constant 1f7e variable 
1f92   hld                              constant 1f90 variable 
1f92   pno-buffer                       : 
1f9c H hex                              : 
1fb0 H decimal                          : 
1fc4 H space                            : 
1fd6 H spaces                           : 
2000 H hold                             : 
201c H <#                               : 
2030 H #>                               : 
2044 H sign                             : 
205a H #                                : 
207e H #s                               : 
2090 H d.r                              : 
20aa   zeroes                           : 
20d8 H d.lz                             : 
20fc H d.                               : 
210c H .r                               : 
211e H .                                : 
212c H u.r                              : 
213c H u.lz                             : 
214c H u.                               : 
215a H ?                                : 
2168 H u?                               : 
2176 H postpone                         : 
219a H '                                : 
21b4 H [']                              : 
21c4 H literal                          : 
21d2 H char                             : 
21e4 H [char]                           : 
21f4 H forget                           : 
2224 H dump                             : 
22d8 H .s                               : 
22f4 H digit                            : 
233a H convert                          : 
236a H >number                          : 
23a4 H number                           : 
23d0   interpreting?                    : 
23e2 H interpret                        : 
2464 H evaluate                         : 
2478 H h#                               : 
249e H d#                               : 
24c4 H quit                             : 
250c H abort                            : 
251a H abort"                           : 
2528   version                          : 
2536                                    every-boot: 
2562   doforth                          : 
25a0 H int:                             : 
25bc H ;int                             : 
25c6   silent-accept                    : 
260a H silent                           : 
2624 H offset:                          : 
263c H for                              : 
2658 H next                             : 
266c   .pd-run                          offset: 0000 
266c   .lsp-init                        offset: 0002 
266c   .psp-init                        offset: 0004 
266c   .rsp-init                        offset: 0006 
266c   pd-init                          constant 0008 structure 
       user-size                        define 000e 
       nullrstack                       define 268c 
       nullpstack                       define 26ac 
       nullprocess                      define 26ac 
       nullprocess-init                 define 26ba 
       defprocess                       define 26c4 
26d2   init-cproc                       : 
26da   initprocess                      : 
2726                                    every-boot: 
2752   insertprocess                    : 
277c H nextprocess                      : 
27a8 H run                              : 
27ac   removeprocess                    : 
27ea H kill                             : 
27f8 H terminate                        : 
2800   align-stack                      : 
281e H process:                         : 
2858 H ;process                         : 
285c   safe                             : 
285c   cacheenable                      code 
2862   initlocals                       : 
       REBOOT                           define 2862 
       app-vector                       define 28a4 
here = 28a6 
Rule <long><long>* was applied 0 times.
Rule <long><short>* was applied 0 times.
Rule <short><long>* was applied 0 times.
Rule <short><short>* was applied 0 times.
Rule <nopa><shifti> was applied 0 times.
Rule <short><short><shift> was applied 2 times.
Rule [nip<short>]swap<shift> was applied 0 times.
Rule <short>swap<shift> was applied 7 times.
Rule overswap<shift> was applied 0 times.
Rule [<nopa><shifti>]<shifti> was applied 0 times.
Rule <long><shifti> was applied 0 times.
Rule <short><shifti> was applied 5 times.
Rule <long><long-op> was applied 0 times.
Rule <long><short-op> was applied 5 times.
Rule <short><long-op> was applied 0 times.
Rule <short><short-op> was applied 5 times.
Rule <long>to<short> was applied 9 times.
Rule [<nopa><long-op>]><long-op> was applied 0 times.
Rule [<nopa><short-op>]><long-op> was applied 0 times.
Rule [<nopa><long-op>]><short-op> was applied 13 times.
Rule 0+ was applied 16 times.
Rule [<nopa><short-op>]<short-op> was applied 9 times.
Rule [<nopa><long-op>]>to<short-op> was applied 9 times.
Rule <call>return was applied 69 times.
Rule <long>return was applied 1 times.
Rule <*>return was applied 87 times.
Rule overover<store>drop was applied 0 times.
Rule dup<reg@><store>drop was applied 0 times.
Rule dup<long><store>drop was applied 3 times.
Rule [<short>+]<store> was applied 16 times.
Rule dup<long><load><bincmp> was applied 0 times.
Rule dup<long><load><binop> was applied 2 times.
Rule [<nopa><short>+]<load> was applied 17 times.
Rule <nopa><load> was applied 14 times.
Rule drop[drop<long>] was applied 1 times.
Rule nip<long> was applied 0 times.
Rule drop<long> was applied 15 times.
Rule dup<long><bincmp> was applied 7 times.
Rule <long><bincmp><?br> was applied 1 times.
Rule [nip<long>][over<binop>] was applied 0 times.
Rule <long>[over<binop>] was applied 0 times.
Rule [nip<long>]<binop> was applied 0 times.
Rule <nopa>[<long><binop>] was applied 3 times.
Rule <long><binop> was applied 23 times.
Rule drop[drop<short/i>] was applied 4 times.
Rule nip<short/i> was applied 1 times.
Rule drop<short/i> was applied 30 times.
Rule dup<short><bincmp> was applied 9 times.
Rule 0<bincmp> was applied 1 times.
Rule <short><bincmp><?br> was applied 4 times.
Rule [nip<short>][over<binop>] was applied 0 times.
Rule <short>[over<binop>] was applied 0 times.
Rule [nip<short>]<binop> was applied 0 times.
Rule <nopa>[<short><binop>] was applied 7 times.
Rule <short>drop was applied 1 times.
Rule <short><binop> was applied 24 times.
Rule [drop<reg@>]<reg!>drop was applied 3 times.
Rule <reg@><reg!>drop was applied 3 times.
Rule drop[drop<reg@>] was applied 2 times.
Rule nip<reg@> was applied 0 times.
Rule drop<reg@> was applied 22 times.
Rule dup<reg@><bincmp> was applied 2 times.
Rule <reg@><bincmp><?br> was applied 6 times.
Rule [nip<reg@>][over<binop>] was applied 0 times.
Rule <reg@>[over<binop>] was applied 2 times.
Rule [nip<reg@>]<binop> was applied 0 times.
Rule <nopa>[<reg@><binop>] was applied 0 times.
Rule <reg@><binop> was applied 4 times.
Rule <reg!>dup was applied 0 times.
Rule <reg!>swap was applied 1 times.
Rule <alu><reg!>2 was applied 2 times.
Rule <alu><reg!>1 was applied 19 times.
Rule [nipdup<uncmp>]<?br> was applied 1 times.
Rule <alu>[dup<uncmp><?br>] was applied 0 times.
Rule swap[2dup<bincmp><?br>] was applied 0 times.
Rule <cmp><?br>2 was applied 27 times.
Rule <cmp><?br>1 was applied 17 times.
Rule <alu><?br>2 was applied 2 times.
Rule <alu><?br>1 was applied 7 times.
Rule <cmp>not was applied 2 times.
Rule <alu><uncmp> was applied 9 times.
Rule swap[over<bincmp>] was applied 0 times.
Rule over[over<bincmp>] was applied 12 times.
Rule over<bincmp> was applied 13 times.
Rule swap<bincmp> was applied 0 times.
Rule <nopb>not was applied 0 times.
Rule <nopa>not was applied 0 times.
Rule swap[over<binop>] was applied 0 times.
Rule over[over<binop>] was applied 5 times.
Rule over<binop> was applied 13 times.
Rule swap<binop> was applied 0 times.
Rule swapswap was applied 1 times.
Rule nipdup was applied 2 times.
Rule dropdup was applied 6 times.
